PRT1
52
110
4 0 6 (704 216 128 ) (704 216 144 ) (688 216 144 ) (688 216 128 ) 
4 0 5 (688 320 144 ) (688 320 128 ) (688 216 128 ) (688 216 144 ) 
4 1 7 (704 216 96 ) (704 216 124 ) (688 216 124 ) (688 216 96 ) 
4 1 5 (688 320 124 ) (688 320 96 ) (688 216 96 ) (688 216 124 ) 
4 2 8 (704 216 64 ) (704 216 92 ) (688 216 92 ) (688 216 64 ) 
4 2 5 (688 320 92 ) (688 320 64 ) (688 216 64 ) (688 216 92 ) 
4 3 9 (704 216 32 ) (704 216 60 ) (688 216 60 ) (688 216 32 ) 
4 3 5 (688 320 60 ) (688 320 32 ) (688 216 32 ) (688 216 60 ) 
4 4 10 (688 216 0 ) (704 216 0 ) (704 216 28 ) (688 216 28 ) 
4 4 5 (688 320 28 ) (688 320 0 ) (688 216 0 ) (688 216 28 ) 
4 5 12 (552 312 0 ) (552 256 0 ) (552 256 100 ) (552 312 100 ) 
4 5 9 (552 216 60 ) (552 216 32 ) (688 216 32 ) (688 216 60 ) 
4 5 10 (552 216 28 ) (552 216 0 ) (688 216 0 ) (688 216 28 ) 
4 5 8 (552 216 92 ) (552 216 64 ) (688 216 64 ) (688 216 92 ) 
4 5 6 (552 216 144 ) (552 216 128 ) (688 216 128 ) (688 216 144 ) 
4 5 7 (552 216 124 ) (552 216 96 ) (688 216 96 ) (688 216 124 ) 
4 11 36 (552 0 144 ) (552 0 0 ) (704 0 0 ) (704 0 144 ) 
4 12 13 (544 312 0 ) (544 256 0 ) (544 256 100 ) (544 312 100 ) 
4 13 28 (66 232 0 ) (66 224 0 ) (66 224 104 ) (66 232 104 ) 
4 13 27 (66 320 0 ) (66 264 0 ) (66 264 104 ) (66 320 104 ) 
4 13 24 (66 224 112 ) (66 224 144 ) (66 264 144 ) (66 264 112 ) 
4 13 23 (66 264 144 ) (66 320 144 ) (66 320 104 ) (66 264 104 ) 
4 13 22 (432 224 24 ) (66 224 24 ) (66 224 0 ) (432 224 0 ) 
4 13 19 (464 224 144 ) (432 224 144 ) (432 224 32 ) (464 224 32 ) 
4 13 18 (542 224 144 ) (464 224 144 ) (464 224 24 ) (542 224 24 ) 
4 13 20 (432 224 144 ) (66 224 144 ) (66 224 24 ) (432 224 24 ) 
4 13 14 (544 224 24 ) (544 224 144 ) (542 224 144 ) (542 224 24 ) 
4 14 21 (544 192 24 ) (544 152 24 ) (542 152 24 ) (542 192 24 ) 
4 14 18 (542 224 144 ) (542 224 24 ) (542 152 24 ) (542 152 144 ) 
4 14 15 (542 152 144 ) (542 152 128 ) (544 152 128 ) (544 152 144 ) 
4 14 16 (542 152 56 ) (542 152 24 ) (544 152 24 ) (544 152 56 ) 
4 15 18 (542 24 128 ) (542 24 144 ) (542 152 144 ) (542 152 128 ) 
4 15 17 (542 24 144 ) (542 24 128 ) (544 24 128 ) (544 24 144 ) 
4 16 21 (544 152 24 ) (544 24 24 ) (542 24 24 ) (542 152 24 ) 
4 16 18 (542 152 24 ) (542 24 24 ) (542 24 56 ) (542 152 56 ) 
4 16 17 (542 24 56 ) (542 24 24 ) (544 24 24 ) (544 24 56 ) 
4 17 41 (542 0 24 ) (544 0 24 ) (544 0 104 ) (542 0 104 ) 
4 17 40 (544 0 104 ) (544 0 112 ) (542 0 112 ) (542 0 104 ) 
4 17 39 (544 0 112 ) (544 0 144 ) (542 0 144 ) (542 0 112 ) 
4 17 21 (544 24 24 ) (544 0 24 ) (542 0 24 ) (542 24 24 ) 
4 17 18 (542 24 24 ) (542 0 24 ) (542 0 144 ) (542 24 144 ) 
4 18 41 (464 0 24 ) (542 0 24 ) (542 0 104 ) (464 0 104 ) 
4 18 40 (542 0 104 ) (542 0 112 ) (464 0 112 ) (464 0 104 ) 
4 18 39 (542 0 112 ) (542 0 144 ) (464 0 144 ) (464 0 112 ) 
4 18 21 (542 192 24 ) (542 0 24 ) (464 0 24 ) (464 192 24 ) 
4 18 19 (464 224 144 ) (464 224 32 ) (464 0 32 ) (464 0 144 ) 
4 19 42 (464 0 32 ) (464 0 104 ) (432 0 104 ) (432 0 32 ) 
4 19 40 (464 0 104 ) (464 0 112 ) (432 0 112 ) (432 0 104 ) 
4 19 39 (464 0 112 ) (464 0 144 ) (432 0 144 ) (432 0 112 ) 
4 19 20 (432 224 144 ) (432 224 32 ) (432 0 32 ) (432 0 144 ) 
4 20 43 (66 0 104 ) (66 0 24 ) (432 0 24 ) (432 0 104 ) 
4 20 40 (66 0 112 ) (66 0 104 ) (432 0 104 ) (432 0 112 ) 
4 20 39 (66 0 144 ) (66 0 112 ) (432 0 112 ) (432 0 144 ) 
4 20 33 (66 0 24 ) (66 0 104 ) (66 32 104 ) (66 32 24 ) 
4 20 30 (66 64 104 ) (66 136 104 ) (66 136 24 ) (66 64 24 ) 
4 20 28 (66 168 104 ) (66 224 104 ) (66 224 24 ) (66 168 24 ) 
4 20 26 (66 0 112 ) (66 0 144 ) (66 64 144 ) (66 64 112 ) 
4 20 25 (66 64 144 ) (66 136 144 ) (66 136 104 ) (66 64 104 ) 
4 20 24 (66 136 144 ) (66 224 144 ) (66 224 112 ) (66 136 112 ) 
4 20 22 (66 0 24 ) (66 224 24 ) (432 224 24 ) (432 0 24 ) 
4 21 44 (504 0 0 ) (544 0 0 ) (544 0 24 ) (504 0 24 ) 
4 22 45 (66 0 24 ) (66 0 0 ) (432 0 0 ) (432 0 24 ) 
4 22 33 (66 32 0 ) (66 0 0 ) (66 0 24 ) (66 32 24 ) 
4 22 30 (66 136 0 ) (66 64 0 ) (66 64 24 ) (66 136 24 ) 
4 22 28 (66 224 0 ) (66 168 0 ) (66 168 24 ) (66 224 24 ) 
4 23 27 (66 320 104 ) (66 264 104 ) (64 264 104 ) (64 320 104 ) 
4 23 24 (66 264 144 ) (64 264 144 ) (64 264 112 ) (66 264 112 ) 
4 24 25 (66 136 112 ) (66 136 144 ) (64 136 144 ) (64 136 112 ) 
4 25 30 (66 136 104 ) (66 64 104 ) (64 64 104 ) (64 136 104 ) 
4 25 26 (66 64 112 ) (66 64 144 ) (64 64 144 ) (64 64 112 ) 
4 26 39 (64 0 144 ) (64 0 112 ) (66 0 112 ) (66 0 144 ) 
4 28 29 (40 232 0 ) (40 168 0 ) (40 168 104 ) (40 232 104 ) 
4 29 34 (0 144 104 ) (0 256 104 ) (0 256 0 ) (0 144 0 ) 
4 31 33 (48 32 0 ) (56 32 0 ) (56 32 104 ) (48 32 104 ) 
4 32 35 (0 32 104 ) (0 56 104 ) (0 56 0 ) (0 32 0 ) 
4 32 33 (0 32 0 ) (40 32 0 ) (40 32 104 ) (0 32 104 ) 
4 33 45 (0 0 24 ) (0 0 0 ) (66 0 0 ) (66 0 24 ) 
4 33 43 (0 0 104 ) (0 0 24 ) (66 0 24 ) (66 0 104 ) 
4 33 35 (0 0 0 ) (0 0 104 ) (0 32 104 ) (0 32 0 ) 
4 35 51 (0 0 0 ) (0 0 104 ) (-56 0 104 ) (-56 0 0 ) 
4 36 38 (552 -56 0 ) (552 -112 0 ) (552 -112 100 ) (552 -56 100 ) 
4 36 37 (552 -136 144 ) (552 -136 0 ) (704 -136 0 ) (704 -136 144 ) 
4 38 50 (544 -64 0 ) (544 -112 0 ) (544 -112 100 ) (544 -64 100 ) 
4 38 49 (544 -56 0 ) (544 -64 0 ) (544 -64 100 ) (544 -56 100 ) 
4 39 50 (544 -64 112 ) (544 -64 144 ) (64 -64 144 ) (64 -64 112 ) 
4 39 40 (544 -64 112 ) (66 -64 112 ) (66 0 112 ) (544 0 112 ) 
4 40 50 (544 -64 104 ) (544 -64 112 ) (66 -64 112 ) (66 -64 104 ) 
4 40 49 (544 -64 104 ) (66 -64 104 ) (66 -56 104 ) (544 -56 104 ) 
4 40 46 (66 -56 104 ) (66 -32 104 ) (544 -32 104 ) (544 -56 104 ) 
4 40 42 (432 0 104 ) (464 0 104 ) (464 -32 104 ) (432 -32 104 ) 
4 40 41 (464 0 104 ) (544 0 104 ) (544 -32 104 ) (464 -32 104 ) 
4 40 43 (66 -32 104 ) (66 0 104 ) (432 0 104 ) (432 -32 104 ) 
4 41 46 (544 -32 24 ) (544 -32 104 ) (464 -32 104 ) (464 -32 24 ) 
4 41 44 (544 -32 24 ) (504 -32 24 ) (504 0 24 ) (544 0 24 ) 
4 41 42 (464 -32 32 ) (464 -32 104 ) (464 0 104 ) (464 0 32 ) 
4 42 46 (464 -32 104 ) (432 -32 104 ) (432 -32 32 ) (464 -32 32 ) 
4 42 43 (432 -32 32 ) (432 -32 104 ) (432 0 104 ) (432 0 32 ) 
4 43 51 (0 0 104 ) (0 0 24 ) (0 -32 24 ) (0 -32 104 ) 
4 43 48 (40 -32 104 ) (0 -32 104 ) (0 -32 24 ) (40 -32 24 ) 
4 43 46 (432 -32 104 ) (66 -32 104 ) (66 -32 24 ) (432 -32 24 ) 
4 43 47 (56 -32 104 ) (48 -32 104 ) (48 -32 24 ) (56 -32 24 ) 
4 43 45 (432 -32 24 ) (0 -32 24 ) (0 0 24 ) (432 0 24 ) 
4 44 46 (504 -32 0 ) (544 -32 0 ) (544 -32 24 ) (504 -32 24 ) 
4 45 51 (0 0 24 ) (0 0 0 ) (0 -32 0 ) (0 -32 24 ) 
4 45 48 (0 -32 0 ) (40 -32 0 ) (40 -32 24 ) (0 -32 24 ) 
4 45 46 (66 -32 0 ) (432 -32 0 ) (432 -32 24 ) (66 -32 24 ) 
4 45 47 (48 -32 0 ) (56 -32 0 ) (56 -32 24 ) (48 -32 24 ) 
4 46 49 (66 -56 0 ) (544 -56 0 ) (544 -56 104 ) (66 -56 104 ) 
4 48 51 (0 -32 0 ) (0 -56 0 ) (0 -56 104 ) (0 -32 104 ) 
4 49 50 (66 -64 0 ) (544 -64 0 ) (544 -64 104 ) (66 -64 104 ) 
